Celviz GPGPU IP S2 control-plane smoke
Date: 2026-05-02
Worker: 5
Scope: GPGPU command processor / DMA / scheduler / register map / memory model skeleton

Generated artifacts:
- docs/celviz-gpgpu-ip/COMMAND_RUNTIME_ABI.md
- artifacts/rank_01_vivante_3d_gpgpu_ip/rtl/register_map.md
- artifacts/rank_01_vivante_3d_gpgpu_ip/rtl/control_plane_config.json
- artifacts/rank_01_vivante_3d_gpgpu_ip/rtl/README.md
- artifacts/rank_01_vivante_3d_gpgpu_ip/rtl/smoke.log

JSON validation:
Command:
  python3 -m json.tool artifacts/rank_01_vivante_3d_gpgpu_ip/rtl/control_plane_config.json
Result:
  PASS
Exit code:
  0

Coverage checklist:
- kernel dispatch queue: PASS
- workgroup scheduler config: PASS
- warp scheduler config: PASS
- shader_unit tier scaling: PASS
- FP16/FP32 mode: PASS
- DMA copy/fill control plane: PASS
- AXI traffic counters: PASS
- interrupt/status/error registers: PASS
- MMU fault capture: PASS
- memory model skeleton and fence semantics: PASS
- 3D graphics register blocks omitted: PASS

Notes:
- The register map is GPGPU-only and includes identity/capability, command
  queues, kernel dispatch, DMA, scheduler/shader mode, interrupt/status/error,
  MMU fault, and AXI/performance counter blocks.
- The machine-readable config explicitly marks rasterization, framebuffer,
  viewport, texture sampling, display, and 3D graphics pipeline classes as
  excluded from this Worker 5 scope.

E3 native runtime evidence:
Date: 2026-05-02
Worker: P
Scope: clean-room Verilator/native runtime proxy evidence; no runtime implementation edits

Build/relink command:
  bash scripts/build_celviz_gpgpu_runtime.sh --auto
Build/relink result:
  PASS
Runtime library:
  /tmp/ventus-gpgpu-celviz-build/sim-verilator/build/libVentusRTL/debug/libVentusRTL.so
Build note:
  Existing Verilated core was present, so the script used the fast relink path.
  The duplicate spdlog/fmt linker warning was non-fatal.

Require-runtime bind command:
  python3 tools/celviz_gpgpu_ip/runtime_cli.py --commands artifacts/rank_01_vivante_3d_gpgpu_ip/rtl/control_plane_demo.json --runtime-lib /tmp/ventus-gpgpu-celviz-build/sim-verilator/build/libVentusRTL/debug/libVentusRTL.so --require-runtime --output-dir /tmp/ventus-gpgpu-celviz-e3 --run-log /tmp/ventus-gpgpu-celviz-e3/runtime_run.log --print-status
Require-runtime bind result:
  PASS

Observed runtime bridge:
- runtime_bridge=ctypes_bound
- dry_run=false
- rtlsim_library_bound=true
- native_runtime_acceptance=pass

Queue snapshot summary:
- native queue count: 3
- native submitted: 9
- native retired: 9
- native pending: 0
- control-plane submitted: 19
- control-plane retired: 19
- control-plane pending: 0

Metric snapshot summary:
- native commands submitted: 9
- native commands completed: 8
- native expected negative commands: 1
- native DMA copies: 7
- native DMA fills: 2
- native fence signals: 2
- native fence waits: 3
- native bytes read: 512
- native bytes written: 896
- native bytes moved: 1408
- native rtlsim time: 60

E3 metadata:
- artifacts/rank_01_vivante_3d_gpgpu_ip/rtl/e3_native_runtime_evidence.json
- full temporary runtime metrics: /tmp/ventus-gpgpu-celviz-e3/runtime_metrics.json
- full temporary runtime status: /tmp/ventus-gpgpu-celviz-e3/runtime_status.json
- full temporary runtime log: /tmp/ventus-gpgpu-celviz-e3/runtime_run.log

E3 hygiene:
- Clean-room proxy-only evidence.
- No proprietary driver, firmware, SDK, OpenCL conformance, RTL timing signoff,
  or silicon signoff claim.
